Microsoft (R) Macro Assembler Version 14.25.28612.0	    04/08/20 11:27:44
Lab 4.7.asm						     Page 1 - 1


				;Write a program with a loop and indirect addressing that copies a string from source to target,
				;reversing the character order in the process. Use the following variables:
				;source BYTE "This is the source string",0
				;target BYTE SIZEOF source DUP('#')

				; Chapter 4 Question 7
				; Willy Yao
				; Created 3/6/2020

				.386
				.model flat,stdcall
				.stack 4096
				ExitProcess proto,dwExitCode:dword

 00000000			.data
 00000000 54 68 69 73 20	source BYTE "This is the source string",0
	   69 73 20 74 68
	   65 20 73 6F 75
	   72 63 65 20 73
	   74 72 69 6E 67
	   00
 0000001A  0000001A [		target BYTE SIZEOF source DUP('#')
	    23
	   ]


 00000000			.code
 00000000			main proc
					
 00000000  BE 00000000			mov esi, 0									;start at beggining of the string
 00000005  B9 0000001A			mov ecx, SIZEOF source						;Move Size of bytes into ECX for decrimenter
 0000000A  BF 00000019			mov edi, LENGTHOF source-1					;Start index at the end, We minus 1 to get rid of the null operater

 0000000F			L1:
 0000000F  8A 86 00000000 R		mov al, source[esi]							;move source[esi] to al register
 00000015  88 87 0000001A R		mov target[edi],al							;move al to end of the Target
 0000001B  83 C6 01			add esi, 1									;move to next index
 0000001E  83 EF 01			sub edi, 1									;minus 1 index from the end
 00000021  E2 EC			loop L1							

					invoke ExitProcess,0
 00000023  6A 00	   *	    push   +000000000h
 00000025  E8 00000000 E   *	    call   ExitProcess
 0000002A			main endp
				end main
Microsoft (R) Macro Assembler Version 14.25.28612.0	    04/08/20 11:27:44
Lab 4.7.asm						     Symbols 2 - 1




Segments and Groups:

                N a m e                 Size     Length   Align   Combine Class

FLAT . . . . . . . . . . . . . .	GROUP
STACK  . . . . . . . . . . . . .	32 Bit	 00001000 DWord	  Stack	  'STACK'	 
_DATA  . . . . . . . . . . . . .	32 Bit	 00000034 DWord	  Public  'DATA'	
_TEXT  . . . . . . . . . . . . .	32 Bit	 0000002A DWord	  Public  'CODE'	


Procedures, parameters, and locals:

                N a m e                 Type     Value    Attr

ExitProcess  . . . . . . . . . .	P Near	 00000000 FLAT	Length= 00000000 External STDCALL
main . . . . . . . . . . . . . .	P Near	 00000000 _TEXT	Length= 0000002A Public STDCALL
  L1 . . . . . . . . . . . . . .	L Near	 0000000F _TEXT	


Symbols:

                N a m e                 Type     Value    Attr

@CodeSize  . . . . . . . . . . .	Number	 00000000h   
@DataSize  . . . . . . . . . . .	Number	 00000000h   
@Interface . . . . . . . . . . .	Number	 00000003h   
@Model . . . . . . . . . . . . .	Number	 00000007h   
@code  . . . . . . . . . . . . .	Text   	 _TEXT
@data  . . . . . . . . . . . . .	Text   	 FLAT
@fardata?  . . . . . . . . . . .	Text   	 FLAT
@fardata . . . . . . . . . . . .	Text   	 FLAT
@stack . . . . . . . . . . . . .	Text   	 FLAT
source . . . . . . . . . . . . .	Byte	 00000000 _DATA	
target . . . . . . . . . . . . .	Byte	 0000001A _DATA	

	   0 Warnings
	   0 Errors
